[2016-08-27 11:43:49,687] [DEBUG] [@ log.py line:25] [channel:myapp.area1] Quick zephyrs blow, vexing daft Jim.
[2016-08-27 11:43:49,687] [INFO] [@ log.py line:26] [channel:myapp.area1] How quickly daft jumping zebras vex.
